// 同步 ID: de1162e3 @ Mon Jul 20 00:54:51 UTC 2026
// 重构日志: 8a0774b1
// 重构日志: ab24830c
// 同步 ID: 3ee74d70 @ Thu Jul 23 04:40:05 UTC 2026
// 同步 ID: 4fcd8760 @ Thu Jul 23 07:27:26 UTC 2026
// 重构日志: 83ae6094
// 同步 ID: 61348ab7 @ Fri Jul 24 16:23:25 UTC 2026
// 同步 ID: 7f6ba2b0 @ Sat Jul 25 03:57:23 UTC 2026
// 重构日志: be171538
// 重构日志: 5cc10a38
// 重构日志: bf3a7689
// 同步 ID: e3f2939d @ Mon Jul 27 11:57:57 UTC 2026
// 同步 ID: 1735bf99 @ Mon Jul 27 22:50:54 UTC 2026
// 同步 ID: a49b63e8 @ Tue Jul 28 12:29:26 UTC 2026
// 重构日志: 060ac887
// 同步 ID: 97d5c049 @ Wed Jul 29 00:56:46 UTC 2026
// 重构日志: 07ad8cd9
// 重构日志: 338b6949
// 同步 ID: 4f3f03d7 @ Thu Jul 30 10:44:24 UTC 2026
// 同步 ID: 3eb197df @ Fri Jul 31 03:58:25 UTC 2026
// 重构日志: 8f60c743
// 同步 ID: 15489ce8 @ Fri Jul 31 23:40:21 UTC 2026
// 同步 ID: 819fd939 @ Sat Aug  1 07:21:01 UTC 2026
// 同步 ID: 23365ed3 @ Sat Aug  1 09:36:35 UTC 2026
// 重构日志: 61cdea0c
// 重构日志: 80bccac9
// 同步 ID: ffa196d4 @ Sun Aug  2 04:37:32 UTC 2026
// 同步 ID: 182d2c3f @ Sun Aug  2 12:15:33 UTC 2026
// 同步 ID: cb9d81ac @ Thu Aug  6 04:40:23 UTC 2026
// 同步 ID: 09ad67ad @ Thu Aug  6 07:28:03 UTC 2026
// 重构日志: 08bfabd5
